------------------------------------------------------------
Timing Analyzer Summary
------------------------------------------------------------

Type  : Slow 1100mV 85C Model Setup 'counter_env_clk|m1|pll_inst|altera_pll_i|general[0].gpll~PLL_OUTPUT_COUNTER|divclk'
Slack : 147.684
TNS   : 0.000

Type  : Slow 1100mV 85C Model Hold 'counter_env_clk|m1|pll_inst|altera_pll_i|general[0].gpll~PLL_OUTPUT_COUNTER|divclk'
Slack : 0.316
TNS   : 0.000

Type  : Slow 1100mV 85C Model Minimum Pulse Width 'counter_env_clk|m1|pll_inst|altera_pll_i|general[0].gpll~FRACTIONAL_PLL|vcoph[0]'
Slack : 0.500
TNS   : 0.000

Type  : Slow 1100mV 85C Model Minimum Pulse Width 'clk'
Slack : 2.403
TNS   : 0.000

Type  : Slow 1100mV 85C Model Minimum Pulse Width 'counter_env_clk|m1|pll_inst|altera_pll_i|general[0].gpll~PLL_OUTPUT_COUNTER|divclk'
Slack : 74.304
TNS   : 0.000

Type  : Slow 1100mV 0C Model Setup 'counter_env_clk|m1|pll_inst|altera_pll_i|general[0].gpll~PLL_OUTPUT_COUNTER|divclk'
Slack : 147.692
TNS   : 0.000

Type  : Slow 1100mV 0C Model Hold 'counter_env_clk|m1|pll_inst|altera_pll_i|general[0].gpll~PLL_OUTPUT_COUNTER|divclk'
Slack : 0.291
TNS   : 0.000

Type  : Slow 1100mV 0C Model Minimum Pulse Width 'counter_env_clk|m1|pll_inst|altera_pll_i|general[0].gpll~FRACTIONAL_PLL|vcoph[0]'
Slack : 0.500
TNS   : 0.000

Type  : Slow 1100mV 0C Model Minimum Pulse Width 'clk'
Slack : 2.323
TNS   : 0.000

Type  : Slow 1100mV 0C Model Minimum Pulse Width 'counter_env_clk|m1|pll_inst|altera_pll_i|general[0].gpll~PLL_OUTPUT_COUNTER|divclk'
Slack : 74.249
TNS   : 0.000

Type  : Fast 1100mV 85C Model Setup 'counter_env_clk|m1|pll_inst|altera_pll_i|general[0].gpll~PLL_OUTPUT_COUNTER|divclk'
Slack : 148.683
TNS   : 0.000

Type  : Fast 1100mV 85C Model Hold 'counter_env_clk|m1|pll_inst|altera_pll_i|general[0].gpll~PLL_OUTPUT_COUNTER|divclk'
Slack : 0.183
TNS   : 0.000

Type  : Fast 1100mV 85C Model Minimum Pulse Width 'counter_env_clk|m1|pll_inst|altera_pll_i|general[0].gpll~FRACTIONAL_PLL|vcoph[0]'
Slack : 0.500
TNS   : 0.000

Type  : Fast 1100mV 85C Model Minimum Pulse Width 'clk'
Slack : 2.412
TNS   : 0.000

Type  : Fast 1100mV 85C Model Minimum Pulse Width 'counter_env_clk|m1|pll_inst|altera_pll_i|general[0].gpll~PLL_OUTPUT_COUNTER|divclk'
Slack : 74.552
TNS   : 0.000

Type  : Fast 1100mV 0C Model Setup 'counter_env_clk|m1|pll_inst|altera_pll_i|general[0].gpll~PLL_OUTPUT_COUNTER|divclk'
Slack : 148.769
TNS   : 0.000

Type  : Fast 1100mV 0C Model Hold 'counter_env_clk|m1|pll_inst|altera_pll_i|general[0].gpll~PLL_OUTPUT_COUNTER|divclk'
Slack : 0.169
TNS   : 0.000

Type  : Fast 1100mV 0C Model Minimum Pulse Width 'counter_env_clk|m1|pll_inst|altera_pll_i|general[0].gpll~FRACTIONAL_PLL|vcoph[0]'
Slack : 0.500
TNS   : 0.000

Type  : Fast 1100mV 0C Model Minimum Pulse Width 'clk'
Slack : 2.414
TNS   : 0.000

Type  : Fast 1100mV 0C Model Minimum Pulse Width 'counter_env_clk|m1|pll_inst|altera_pll_i|general[0].gpll~PLL_OUTPUT_COUNTER|divclk'
Slack : 74.540
TNS   : 0.000

------------------------------------------------------------
