------------------------------------------------------------
Timing Analyzer Summary
------------------------------------------------------------

Type  : Slow 1100mV 85C Model Setup 'clk'
Slack : 5.303
TNS   : 0.000

Type  : Slow 1100mV 85C Model Setup 'altera_reserved_tck'
Slack : 9.807
TNS   : 0.000

Type  : Slow 1100mV 85C Model Setup 'counter_env_clk|m1|pll_inst|altera_pll_i|general[0].gpll~PLL_OUTPUT_COUNTER|divclk'
Slack : 322.944
TNS   : 0.000

Type  : Slow 1100mV 85C Model Hold 'clk'
Slack : 0.316
TNS   : 0.000

Type  : Slow 1100mV 85C Model Hold 'altera_reserved_tck'
Slack : 0.321
TNS   : 0.000

Type  : Slow 1100mV 85C Model Hold 'counter_env_clk|m1|pll_inst|altera_pll_i|general[0].gpll~PLL_OUTPUT_COUNTER|divclk'
Slack : 0.338
TNS   : 0.000

Type  : Slow 1100mV 85C Model Recovery 'altera_reserved_tck'
Slack : 29.686
TNS   : 0.000

Type  : Slow 1100mV 85C Model Removal 'altera_reserved_tck'
Slack : 0.922
TNS   : 0.000

Type  : Slow 1100mV 85C Model Minimum Pulse Width 'counter_env_clk|m1|pll_inst|altera_pll_i|general[0].gpll~FRACTIONAL_PLL|vcoph[0]'
Slack : 1.083
TNS   : 0.000

Type  : Slow 1100mV 85C Model Minimum Pulse Width 'clk'
Slack : 5.368
TNS   : 0.000

Type  : Slow 1100mV 85C Model Minimum Pulse Width 'altera_reserved_tck'
Slack : 15.281
TNS   : 0.000

Type  : Slow 1100mV 85C Model Minimum Pulse Width 'counter_env_clk|m1|pll_inst|altera_pll_i|general[0].gpll~PLL_OUTPUT_COUNTER|divclk'
Slack : 161.798
TNS   : 0.000

Type  : Slow 1100mV 0C Model Setup 'clk'
Slack : 5.463
TNS   : 0.000

Type  : Slow 1100mV 0C Model Setup 'altera_reserved_tck'
Slack : 9.860
TNS   : 0.000

Type  : Slow 1100mV 0C Model Setup 'counter_env_clk|m1|pll_inst|altera_pll_i|general[0].gpll~PLL_OUTPUT_COUNTER|divclk'
Slack : 322.962
TNS   : 0.000

Type  : Slow 1100mV 0C Model Hold 'clk'
Slack : 0.298
TNS   : 0.000

Type  : Slow 1100mV 0C Model Hold 'altera_reserved_tck'
Slack : 0.302
TNS   : 0.000

Type  : Slow 1100mV 0C Model Hold 'counter_env_clk|m1|pll_inst|altera_pll_i|general[0].gpll~PLL_OUTPUT_COUNTER|divclk'
Slack : 0.320
TNS   : 0.000

Type  : Slow 1100mV 0C Model Recovery 'altera_reserved_tck'
Slack : 29.847
TNS   : 0.000

Type  : Slow 1100mV 0C Model Removal 'altera_reserved_tck'
Slack : 0.882
TNS   : 0.000

Type  : Slow 1100mV 0C Model Minimum Pulse Width 'counter_env_clk|m1|pll_inst|altera_pll_i|general[0].gpll~FRACTIONAL_PLL|vcoph[0]'
Slack : 1.083
TNS   : 0.000

Type  : Slow 1100mV 0C Model Minimum Pulse Width 'clk'
Slack : 5.321
TNS   : 0.000

Type  : Slow 1100mV 0C Model Minimum Pulse Width 'altera_reserved_tck'
Slack : 15.306
TNS   : 0.000

Type  : Slow 1100mV 0C Model Minimum Pulse Width 'counter_env_clk|m1|pll_inst|altera_pll_i|general[0].gpll~PLL_OUTPUT_COUNTER|divclk'
Slack : 161.749
TNS   : 0.000

Type  : Fast 1100mV 85C Model Setup 'clk'
Slack : 8.354
TNS   : 0.000

Type  : Fast 1100mV 85C Model Setup 'altera_reserved_tck'
Slack : 12.761
TNS   : 0.000

Type  : Fast 1100mV 85C Model Setup 'counter_env_clk|m1|pll_inst|altera_pll_i|general[0].gpll~PLL_OUTPUT_COUNTER|divclk'
Slack : 323.849
TNS   : 0.000

Type  : Fast 1100mV 85C Model Hold 'altera_reserved_tck'
Slack : 0.156
TNS   : 0.000

Type  : Fast 1100mV 85C Model Hold 'counter_env_clk|m1|pll_inst|altera_pll_i|general[0].gpll~PLL_OUTPUT_COUNTER|divclk'
Slack : 0.181
TNS   : 0.000

Type  : Fast 1100mV 85C Model Hold 'clk'
Slack : 0.182
TNS   : 0.000

Type  : Fast 1100mV 85C Model Recovery 'altera_reserved_tck'
Slack : 30.722
TNS   : 0.000

Type  : Fast 1100mV 85C Model Removal 'altera_reserved_tck'
Slack : 0.463
TNS   : 0.000

Type  : Fast 1100mV 85C Model Minimum Pulse Width 'counter_env_clk|m1|pll_inst|altera_pll_i|general[0].gpll~FRACTIONAL_PLL|vcoph[0]'
Slack : 1.083
TNS   : 0.000

Type  : Fast 1100mV 85C Model Minimum Pulse Width 'clk'
Slack : 5.306
TNS   : 0.000

Type  : Fast 1100mV 85C Model Minimum Pulse Width 'altera_reserved_tck'
Slack : 15.044
TNS   : 0.000

Type  : Fast 1100mV 85C Model Minimum Pulse Width 'counter_env_clk|m1|pll_inst|altera_pll_i|general[0].gpll~PLL_OUTPUT_COUNTER|divclk'
Slack : 162.052
TNS   : 0.000

Type  : Fast 1100mV 0C Model Setup 'clk'
Slack : 8.792
TNS   : 0.000

Type  : Fast 1100mV 0C Model Setup 'altera_reserved_tck'
Slack : 13.132
TNS   : 0.000

Type  : Fast 1100mV 0C Model Setup 'counter_env_clk|m1|pll_inst|altera_pll_i|general[0].gpll~PLL_OUTPUT_COUNTER|divclk'
Slack : 323.926
TNS   : 0.000

Type  : Fast 1100mV 0C Model Hold 'altera_reserved_tck'
Slack : 0.144
TNS   : 0.000

Type  : Fast 1100mV 0C Model Hold 'clk'
Slack : 0.165
TNS   : 0.000

Type  : Fast 1100mV 0C Model Hold 'counter_env_clk|m1|pll_inst|altera_pll_i|general[0].gpll~PLL_OUTPUT_COUNTER|divclk'
Slack : 0.172
TNS   : 0.000

Type  : Fast 1100mV 0C Model Recovery 'altera_reserved_tck'
Slack : 30.999
TNS   : 0.000

Type  : Fast 1100mV 0C Model Removal 'altera_reserved_tck'
Slack : 0.405
TNS   : 0.000

Type  : Fast 1100mV 0C Model Minimum Pulse Width 'counter_env_clk|m1|pll_inst|altera_pll_i|general[0].gpll~FRACTIONAL_PLL|vcoph[0]'
Slack : 1.083
TNS   : 0.000

Type  : Fast 1100mV 0C Model Minimum Pulse Width 'clk'
Slack : 5.299
TNS   : 0.000

Type  : Fast 1100mV 0C Model Minimum Pulse Width 'altera_reserved_tck'
Slack : 15.075
TNS   : 0.000

Type  : Fast 1100mV 0C Model Minimum Pulse Width 'counter_env_clk|m1|pll_inst|altera_pll_i|general[0].gpll~PLL_OUTPUT_COUNTER|divclk'
Slack : 162.041
TNS   : 0.000

------------------------------------------------------------
